// Jest Snapshot v1, https://goo.gl/fbAQLP

exports[`MessagesList should render the component 1`] = `
<div>
  <div
    class="w-100 d-flex flex-wrap justify-content-center messages-container"
  >
    <div
      class="card-container card"
      data-testid="message-card"
    >
      <img
        alt="Image"
        class="card-img-top"
        src="https://cdn.pixabay.com/photo/2015/10/05/22/37/blank-profile-picture-973460_960_720.png"
      />
      <div
        class="card-body"
      >
        <div
          class="card-title h5"
        >
           
        </div>
        <div
          class="message"
        >
          <p
            class="card-text"
          >
            In hac habitasse platea dictumst. Morbi vestibulum, velit id pretium iaculis, diam erat fermentum justo, nec condimentum neque sapien placerat ante.
          </p>
          <span
            class="css-tooltip custom-tooltip"
          />
        </div>
      </div>
      <div
        class="card-footer"
      >
        <small
          class="text-muted"
        >
          9/15/2016, 10:28:18 AM
        </small>
      </div>
    </div>
    <div
      class="card-container card"
      data-testid="message-card"
    >
      <img
        alt="Image"
        class="card-img-top"
        src="https://cdn.pixabay.com/photo/2015/10/05/22/37/blank-profile-picture-973460_960_720.png"
      />
      <div
        class="card-body"
      >
        <div
          class="card-title h5"
        >
           
        </div>
        <div
          class="message"
        >
          <p
            class="card-text"
          >
            Morbi non lectus. Aliquam sit amet diam in magna bibendum imperdiet.
          </p>
          <span
            class="css-tooltip custom-tooltip"
          />
        </div>
      </div>
      <div
        class="card-footer"
      >
        <small
          class="text-muted"
        >
          8/21/2016, 3:55:32 AM
        </small>
      </div>
    </div>
  </div>
</div>
`;
